tests/test_basic_functionality.py::TestBoard::test_board_initialization
tests/test_basic_functionality.py::TestBoard::test_mine_placement
tests/test_basic_functionality.py::TestBoard::test_cell_reveal
tests/test_basic_functionality.py::TestBoard::test_cell_flagging
tests/test_basic_functionality.py::TestBoard::test_neighbor_calculation
tests/test_basic_functionality.py::TestRiskAssessor::test_risk_map_calculation
tests/test_basic_functionality.py::TestRiskAssessor::test_safest_cells
tests/test_basic_functionality.py::TestConstraintSolver::test_solve_step
tests/test_basic_functionality.py::TestConstraintSolver::test_solver_statistics
tests/test_basic_functionality.py::TestIntegration::test_complete_game_flow
tests/test_beta_confidence.py::test_set_and_get_threshold
tests/test_board.py::test_board_constructor
tests/test_board_attrs.py::test_neighbors_count
tests/test_board_attrs.py::test_reveal
tests/test_board_builder.py::test_from_relations
tests/test_board_builder.py::test_random_board
tests/test_cli.py::test_validate_command
tests/test_cli.py::test_play_command
tests/test_cli_play.py::test_cli_play_dry_run
tests/test_confidence_policy.py::test_confidence_policy
tests/test_nuclear_adapter.py::test_nuclear_adapter
tests/test_quick.py::test_render_cell_with_tooltip
tests/test_quick.py::test_highlight_zero_value_reveals
tests/test_quick.py::test_add_high_contrast_mode
tests/test_quick.py::test_ui_widgets_render_cell_with_tooltip
tests/test_risk_assessor.py::test_estimate_risk_map_structure
tests/test_risk_assessor.py::test_estimate_risk_map_variance
tests/test_risk_assessor.py::test_estimate_empty_board
tests/test_risk_assessor.py::test_estimate_fully_revealed_board
tests/test_risk_spread.py::test_risk_has_variance
